
[1m[46m RUN [49m[22m [36mv4.0.18 [39m[90m/home/marotant/dev/AntiGravity/ExpertAssist/frontend[39m

[90mstderr[2m | src/components/CombinedActionsModal.test.tsx[2m > [22m[2mCombinedActionsModal[2m > [22m[2mdisables simulation button while simulating
[22m[39mAn update to CombinedActionsModal inside a test was not wrapped in act(...).

When testing, code that causes React state updates should be wrapped into act(...):

act(() => {
  /* fire events that update state */
});
/* assert on the output */

This ensures that you're testing the behavior the user would see in the browser. Learn more at https://react.dev/link/wrap-tests-with-act
An update to CombinedActionsModal inside a test was not wrapped in act(...).

When testing, code that causes React state updates should be wrapped into act(...):

act(() => {
  /* fire events that update state */
});
/* assert on the output */

This ensures that you're testing the behavior the user would see in the browser. Learn more at https://react.dev/link/wrap-tests-with-act
An update to CombinedActionsModal inside a test was not wrapped in act(...).

When testing, code that causes React state updates should be wrapped into act(...):

act(() => {
  /* fire events that update state */
});
/* assert on the output */

This ensures that you're testing the behavior the user would see in the browser. Learn more at https://react.dev/link/wrap-tests-with-act

 [31m❯[39m src/components/CombinedActionsModal.test.tsx [2m([22m[2m21 tests[22m[2m | [22m[31m2 failed[39m[2m)[22m[33m 10532[2mms[22m[39m
     [32m✓[39m renders and shows computed pairs by default[32m 71[2mms[22m[39m
     [32m✓[39m identifies simulated data in computed pairs list from analysisResult.actions[32m 12[2mms[22m[39m
     [32m✓[39m identifies simulated data from simulatedActions prop (result.actions)[32m 11[2mms[22m[39m
     [32m✓[39m tracks per-pair simulation results when simulating in chain[32m 34[2mms[22m[39m
     [32m✓[39m switches to explore tab and selects actions[32m 65[2mms[22m[39m
     [32m✓[39m canonicalizes IDs when fetching pre-computed results in explore tab[32m 44[2mms[22m[39m
[31m     [31m×[31m performs on-demand superposition for non-pre-computed pairs[39m[33m 1047[2mms[22m[39m
     [32m✓[39m performs simulation and shows feedback[32m 54[2mms[22m[39m
     [33m[2m✓[22m[39m disables simulation button while simulating [33m 375[2mms[22m[39m
     [32m✓[39m displays suspect indicator (⚠️) for islanded estimations[32m 42[2mms[22m[39m
     [33m[2m✓[22m[39m filters actions by category in explore tab [33m 400[2mms[22m[39m
     [32m✓[39m groups actions by type in explore tab table[32m 72[2mms[22m[39m
     [32m✓[39m falls back to max_rho if estimated_max_rho is missing[32m 7[2mms[22m[39m
[31m     [31m×[31m handles superposition API error gracefully[39m[33m 8039[2mms[22m[39m
     [32m✓[39m handles simulation API failure gracefully[32m 54[2mms[22m[39m
     [32m✓[39m sorts computed pairs by estimated max rho (lowest first)[32m 34[2mms[22m[39m
     [32m✓[39m removes individual action from selection chips[32m 37[2mms[22m[39m
     [32m✓[39m clears all selected actions via Clear All button[32m 36[2mms[22m[39m
     [32m✓[39m simulates individual action from Explore tab table[32m 25[2mms[22m[39m
     [32m✓[39m displays scores with two decimal places in Explore tab[32m 21[2mms[22m[39m
     [32m✓[39m renders comparison card with side-by-side estimated and actual effects[32m 50[2mms[22m[39m

[31m⎯⎯⎯⎯⎯⎯⎯[39m[1m[41m Failed Tests 2 [49m[22m[31m⎯⎯⎯⎯⎯⎯⎯[39m

[41m[1m FAIL [22m[49m src/components/CombinedActionsModal.test.tsx[2m > [22mCombinedActionsModal[2m > [22mperforms on-demand superposition for non-pre-computed pairs
[31m[1mAssertionError[22m[39m: expected "vi.fn()" to be called at least once

Ignored nodes: comments, script, style
[36m<html>[39m
  [36m<head />[39m
  [36m<body>[39m
    [36m<div>[39m
      [36m<div[39m
        [33mstyle[39m=[32m"position: fixed; top: 0px; left: 0px; right: 0px; bottom: 0px; background-color: rgba(0, 0, 0, 0.5); z-index: 10000; display: flex; align-items: center; justify-content: center;"[39m
      [36m>[39m
        [36m<div[39m
          [33mstyle[39m=[32m"background: white; border-radius: 12px; width: 950px; max-width: 95vw; max-height: 90vh; display: flex; flex-direction: column; box-shadow: 0 10px 25px rgba(0,0,0,0.25); overflow: hidden;"[39m
        [36m>[39m
          [36m<div[39m
            [33mstyle[39m=[32m"padding: 15px 24px; border-bottom: 1px solid rgb(238, 238, 238); display: flex; justify-content: space-between; align-items: center; background: rgb(252, 252, 252);"[39m
          [36m>[39m
            [36m<h2[39m
              [33mstyle[39m=[32m"margin: 0px; font-size: 1.25rem;"[39m
            [36m>[39m
              [0mCombine Actions[0m
            [36m</h2>[39m
            [36m<button[39m
              [33mstyle[39m=[32m"border: medium; background: none; font-size: 24px; cursor: pointer; color: rgb(153, 153, 153);"[39m
            [36m>[39m
              [0m×[0m
            [36m</button>[39m
          [36m</div>[39m
          [36m<div[39m
            [33mstyle[39m=[32m"display: flex; border-bottom: 1px solid rgb(221, 221, 221); background: rgb(252, 252, 252); padding: 0px 24px;"[39m
          [36m>[39m
            [36m<div[39m
              [33mclass[39m=[32m"modal-tab "[39m
              [33mdata-testid[39m=[32m"tab-computed"[39m
            [36m>[39m
              [0mComputed Pairs[0m
            [36m</div>[39m
            [36m<div[39m
              [33mclass[39m=[32m"modal-tab active"[39m
              [33mdata-testid[39m=[32m"tab-explore"[39m
            [36m>[39m
              [0mExplore Pairs[0m
            [36m</div>[39m
          [36m</div>[39m
          [36m<div[39m
            [33mstyle[39m=[32m"padding: 20px 24px; overflow-y: auto; flex: 1 1 0%; display: flex; flex-direction: column;"[39m
          [36m>[39m
            [36m<div[39m
              [33mstyle[39m=[32m"flex: 1 1 0%; display: flex; flex-direction: column; height: 100%; overflow: hidden;"[39m
            [36m>[39m
              [36m<div[39m
                [33mstyle[39m=[32m"background: rgb(248, 249, 250); padding: 10px 15px; border-radius: 6px; margin-bottom: 15px; border: 1px solid rgb(233, 236, 239);"[39m
              [36m>[39m
                [36m<div[39m
                  [33mstyle[39m=[32m"display: flex; justify-content: space-between; align-items: center; margin-bottom: 8px;"[39m
                [36m>[39m
                  [36m<div[39m
                    [33mstyle[39m=[32m"font-size: 12px; font-weight: bold; color: rgb(68, 68, 68);"[39m
                  [36m>[39m
                    [0mSelected Actions ([0m
                    [0m2[0m
                    [0m/2)[0m
                  [36m</div>[39m
                  [36m<button[39m
                    [33mstyle[39m=[32m"background: none; border: medium; color: rgb(0, 123, 255); font-size: 11px; cursor: pointer; padding: 0px;"[39m
                  [36m>[39m
                    [0mClear All[0m
                  [36m</button>[39m
                [36m</div>[39m
                [36m<div[39m
                  [33mdata-testid[39m=[32m"selection-chips"[39m
                  [33mstyle[39m=[32m"display: flex; gap: 8px; min-height: 30px; flex-wrap: wrap;"[39m
                [36m>[39m
                  [36m<div[39m
                    [33mdata-testid[39m=[32m"chip-act1"[39m
                    [33mstyle[39m=[32m"background: rgb(231, 241, 255); color: rgb(0, 123, 255); padding: 4px 10px; border-radius: 20px; font-size: 11px; font-weight: bold; border: 1px solid rgb(179, 215, 255); display: flex; align-items: center; gap: 6px;"[39m
                  [36m>[39m
                    [0mact1[0m
                    [36m<span[39m
                      [33mstyle[39m=[32m"cursor: pointer; font-size: 14px; line-height: 10px;"[39m
                    [36m>[39m
                      [0m×[0m
                    [36m</span>[39m
                  [36m</div>[39m
                  [36m<div[39m
                    [33mdata-testid[39m=[32m"chip-act3"[39m
                    [33mstyle[39m=[32m"background: rgb(231, 241, 255); color: rgb(0, 123, 255); padding: 4px 10px; border-radius: 20px; font-size: 11px; font-weight: bold; border: 1px solid rgb(179, 215, 255); display: flex; align-items: center; gap: 6px;"[39m
                  [36m>[39m
                    [0mact3[0m
                    [36m<span[39m
                      [33mstyle[39m=[32m"cursor: pointer; font-size: 14px; line-height: 10px;"[39m
                    [36m>[39m
                      [0m×[0m
                    [36m</span>[39m
                  [36m</div>[39m
                [36m</div>[39m
              [36m</div>[39m
              [36m<div[39m
                [33mstyle[39m=[32m"margin-bottom: 12px; display: flex; gap: 6px; flex-wrap: wrap;"[39m
              [36m>[39m
                [36m<button[39m
                  [33mstyle[39m=[32m"padding: 4px 12px; border-radius: 15px; border: 1px rgb(0, 123, 255); background: rgb(0, 123, 255); color: white; font-size: 11px; cursor: pointer; font-weight: bold; transition: all 0.2s;"[39m
                [36m>[39m
                  [0mALL[0m
                [36m</button>[39m
                [36m<button[39m
                  [33mstyle[39m=[32m"padding: 4px 12px; border-radius: 15px; border: 1px rgb(221, 221, 221); background: white; color: rgb(102, 102, 102); font-size: 11px; cursor: pointer; font-weight: normal; transition: all 0.2s;"[39m
                [36m>[39m
                  [0mDISCO[0m
                [36m</button>[39m
                [36m<button[39m
                  [33mstyle[39m=[32m"padding: 4px 12px; border-radius: 15px; border: 1px rgb(221, 221, 221); background: white; color: rgb(102, 102, 102); font-size: 11px; cursor: pointer; font-weight: normal; transition: all 0.2s;"[39m
                [36m>[39m
                  [0mRECO[0m
                [36m</button>[39m
                [36m<button[39m
                  [33mstyle[39m=[32m"padding: 4px 12px; border-radius: 15px; border: 1px rgb(221, 221, 221); background: white; color: rgb(102, 102, 102); font-size: 11px; cursor: pointer; font-weight: normal; transition: all 0.2s;"[39m
                [36m>[39m
                  [0mOPEN[0m
                [36m</button>[39m
                [36m<button[39m
                  [33mstyle[39m=[32m"padding: 4px 12px; border-radius: 15px; border: 1px rgb(221, 221, 221); background: white; color: rgb(102, 102, 102); font-size: 11px; cursor: pointer; font-wei...
[36m [2m❯[22m src/components/CombinedActionsModal.test.tsx:[2m263:46[22m[39m
    [90m261| [39m
    [90m262| [39m        [35mawait[39m [34mwaitFor[39m(() [33m=>[39m {
    [90m263| [39m            [34mexpect[39m(api[33m.[39mcomputeSuperposition)[33m.[39m[34mtoHaveBeenCalled[39m()[33m;[39m
    [90m   | [39m                                             [31m^[39m
    [90m264| [39m            [34mexpect[39m(screen[33m.[39m[34mgetByText[39m([32m'85.0%'[39m))[33m.[39m[34mtoBeInTheDocument[39m()[33m;[39m
    [90m265| [39m        })[33m;[39m
[90m [2m❯[22m runWithExpensiveErrorDiagnosticsDisabled node_modules/@testing-library/dom/dist/config.js:[2m47:12[22m[39m
[90m [2m❯[22m checkCallback node_modules/@testing-library/dom/dist/wait-for.js:[2m124:77[22m[39m
[90m [2m❯[22m Timeout.checkRealTimersCallback node_modules/@testing-library/dom/dist/wait-for.js:[2m118:16[22m[39m

[31m[2m⎯⎯⎯⎯⎯⎯⎯⎯⎯⎯⎯⎯⎯⎯⎯⎯⎯⎯⎯⎯⎯⎯⎯⎯[1/2]⎯[22m[39m

[41m[1m FAIL [22m[49m src/components/CombinedActionsModal.test.tsx[2m > [22mCombinedActionsModal[2m > [22mhandles superposition API error gracefully
[31m[1mTestingLibraryElementError[22m[39m: Unable to find an element with the text: /Estimation Failed/i. This could be because the text is broken up by multiple elements. In this case, you can provide a function for your text matcher to make your matcher more flexible.

Ignored nodes: comments, script, style
[36m<body>[39m
  [36m<div>[39m
    [36m<div[39m
      [33mstyle[39m=[32m"position: fixed; top: 0px; left: 0px; right: 0px; bottom: 0px; background-color: rgba(0, 0, 0, 0.5); z-index: 10000; display: flex; align-items: center; justify-content: center;"[39m
    [36m>[39m
      [36m<div[39m
        [33mstyle[39m=[32m"background: white; border-radius: 12px; width: 950px; max-width: 95vw; max-height: 90vh; display: flex; flex-direction: column; box-shadow: 0 10px 25px rgba(0,0,0,0.25); overflow: hidden;"[39m
      [36m>[39m
        [36m<div[39m
          [33mstyle[39m=[32m"padding: 15px 24px; border-bottom: 1px solid rgb(238, 238, 238); display: flex; justify-content: space-between; align-items: center; background: rgb(252, 252, 252);"[39m
        [36m>[39m
          [36m<h2[39m
            [33mstyle[39m=[32m"margin: 0px; font-size: 1.25rem;"[39m
          [36m>[39m
            [0mCombine Actions[0m
          [36m</h2>[39m
          [36m<button[39m
            [33mstyle[39m=[32m"border: medium; background: none; font-size: 24px; cursor: pointer; color: rgb(153, 153, 153);"[39m
          [36m>[39m
            [0m×[0m
          [36m</button>[39m
        [36m</div>[39m
        [36m<div[39m
          [33mstyle[39m=[32m"display: flex; border-bottom: 1px solid rgb(221, 221, 221); background: rgb(252, 252, 252); padding: 0px 24px;"[39m
        [36m>[39m
          [36m<div[39m
            [33mclass[39m=[32m"modal-tab "[39m
            [33mdata-testid[39m=[32m"tab-computed"[39m
          [36m>[39m
            [0mComputed Pairs[0m
          [36m</div>[39m
          [36m<div[39m
            [33mclass[39m=[32m"modal-tab active"[39m
            [33mdata-testid[39m=[32m"tab-explore"[39m
          [36m>[39m
            [0mExplore Pairs[0m
          [36m</div>[39m
        [36m</div>[39m
        [36m<div[39m
          [33mstyle[39m=[32m"padding: 20px 24px; overflow-y: auto; flex: 1 1 0%; display: flex; flex-direction: column;"[39m
        [36m>[39m
          [36m<div[39m
            [33mstyle[39m=[32m"flex: 1 1 0%; display: flex; flex-direction: column; height: 100%; overflow: hidden;"[39m
          [36m>[39m
            [36m<div[39m
              [33mstyle[39m=[32m"background: rgb(248, 249, 250); padding: 10px 15px; border-radius: 6px; margin-bottom: 15px; border: 1px solid rgb(233, 236, 239);"[39m
            [36m>[39m
              [36m<div[39m
                [33mstyle[39m=[32m"display: flex; justify-content: space-between; align-items: center; margin-bottom: 8px;"[39m
              [36m>[39m
                [36m<div[39m
                  [33mstyle[39m=[32m"font-size: 12px; font-weight: bold; color: rgb(68, 68, 68);"[39m
                [36m>[39m
                  [0mSelected Actions ([0m
                  [0m2[0m
                  [0m/2)[0m
                [36m</div>[39m
                [36m<button[39m
                  [33mstyle[39m=[32m"background: none; border: medium; color: rgb(0, 123, 255); font-size: 11px; cursor: pointer; padding: 0px;"[39m
                [36m>[39m
                  [0mClear All[0m
                [36m</button>[39m
              [36m</div>[39m
              [36m<div[39m
                [33mdata-testid[39m=[32m"selection-chips"[39m
                [33mstyle[39m=[32m"display: flex; gap: 8px; min-height: 30px; flex-wrap: wrap;"[39m
              [36m>[39m
                [36m<div[39m
                  [33mdata-testid[39m=[32m"chip-act1"[39m
                  [33mstyle[39m=[32m"background: rgb(231, 241, 255); color: rgb(0, 123, 255); padding: 4px 10px; border-radius: 20px; font-size: 11px; font-weight: bold; border: 1px solid rgb(179, 215, 255); display: flex; align-items: center; gap: 6px;"[39m
                [36m>[39m
                  [0mact1[0m
                  [36m<span[39m
                    [33mstyle[39m=[32m"cursor: pointer; font-size: 14px; line-height: 10px;"[39m
                  [36m>[39m
                    [0m×[0m
                  [36m</span>[39m
                [36m</div>[39m
                [36m<div[39m
                  [33mdata-testid[39m=[32m"chip-act3"[39m
                  [33mstyle[39m=[32m"background: rgb(231, 241, 255); color: rgb(0, 123, 255); padding: 4px 10px; border-radius: 20px; font-size: 11px; font-weight: bold; border: 1px solid rgb(179, 215, 255); display: flex; align-items: center; gap: 6px;"[39m
                [36m>[39m
                  [0mact3[0m
                  [36m<span[39m
                    [33mstyle[39m=[32m"cursor: pointer; font-size: 14px; line-height: 10px;"[39m
                  [36m>[39m
                    [0m×[0m
                  [36m</span>[39m
                [36m</div>[39m
              [36m</div>[39m
            [36m</div>[39m
            [36m<div[39m
              [33mstyle[39m=[32m"margin-bottom: 12px; display: flex; gap: 6px; flex-wrap: wrap;"[39m
            [36m>[39m
              [36m<button[39m
                [33mstyle[39m=[32m"padding: 4px 12px; border-radius: 15px; border: 1px rgb(0, 123, 255); background: rgb(0, 123, 255); color: white; font-size: 11px; cursor: pointer; font-weight: bold; transition: all 0.2s;"[39m
              [36m>[39m
                [0mALL[0m
              [36m</button>[39m
              [36m<button[39m
                [33mstyle[39m=[32m"padding: 4px 12px; border-radius: 15px; border: 1px rgb(221, 221, 221); background: white; color: rgb(102, 102, 102); font-size: 11px; cursor: pointer; font-weight: normal; transition: all 0.2s;"[39m
              [36m>[39m
                [0mDISCO[0m
              [36m</button>[39m
              [36m<button[39m
                [33mstyle[39m=[32m"padding: 4px 12px; border-radius: 15px; border: 1px rgb(221, 221, 221); background: white; color: rgb(102, 102, 102); font-size: 11px; cursor: pointer; font-weight: normal; transition: all 0.2s;"[39m
              [36m>[39m
                [0mRECO[0m
              [36m</button>[39m
              [36m<button[39m
                [33mstyle[39m=[32m"padding: 4px 12px; border-radius: 15px; border: 1px rgb(221, 221, 221); background: white; color: rgb(102, 102, 102); font-size: 11px; cursor: pointer; font-weight: normal; transition: all 0.2s;"[39m
              [36m>[39m
                [0mOPEN[0m
              [36m</button>[39m
              [36m<button[39m
                [33mstyle[39m=[32m"padding: 4px 12px; border-radius: 15px; border: 1px rgb(221, 221, 221); background: white; color: rgb(102, 102, 102); font-size: 11px; cursor: pointer; font-weight: normal; transition: all 0.2s;"[39m
              [36m>[39m
                [0mCLOSE[0m
              [36m</button>[39m
              [36m<button[39m
                [33mstyle[39m=[32m"padding: 4px 12px; border-radius: 15px; border: 1px rgb(221, 221, 221...

Ignored nodes: comments, script, style
[36m<body>[39m
  [36m<div>[39m
    [36m<div[39m
      [33mstyle[39m=[32m"position: fixed; top: 0px; left: 0px; right: 0px; bottom: 0px; background-color: rgba(0, 0, 0, 0.5); z-index: 10000; display: flex; align-items: center; justify-content: center;"[39m
    [36m>[39m
      [36m<div[39m
        [33mstyle[39m=[32m"background: white; border-radius: 12px; width: 950px; max-width: 95vw; max-height: 90vh; display: flex; flex-direction: column; box-shadow: 0 10px 25px rgba(0,0,0,0.25); overflow: hidden;"[39m
      [36m>[39m
        [36m<div[39m
          [33mstyle[39m=[32m"padding: 15px 24px; border-bottom: 1px solid rgb(238, 238, 238); display: flex; justify-content: space-between; align-items: center; background: rgb(252, 252, 252);"[39m
        [36m>[39m
          [36m<h2[39m
            [33mstyle[39m=[32m"margin: 0px; font-size: 1.25rem;"[39m
          [36m>[39m
            [0mCombine Actions[0m
          [36m</h2>[39m
          [36m<button[39m
            [33mstyle[39m=[32m"border: medium; background: none; font-size: 24px; cursor: pointer; color: rgb(153, 153, 153);"[39m
          [36m>[39m
            [0m×[0m
          [36m</button>[39m
        [36m</div>[39m
        [36m<div[39m
          [33mstyle[39m=[32m"display: flex; border-bottom: 1px solid rgb(221, 221, 221); background: rgb(252, 252, 252); padding: 0px 24px;"[39m
        [36m>[39m
          [36m<div[39m
            [33mclass[39m=[32m"modal-tab "[39m
            [33mdata-testid[39m=[32m"tab-computed"[39m
          [36m>[39m
            [0mComputed Pairs[0m
          [36m</div>[39m
          [36m<div[39m
            [33mclass[39m=[32m"modal-tab active"[39m
            [33mdata-testid[39m=[32m"tab-explore"[39m
          [36m>[39m
            [0mExplore Pairs[0m
          [36m</div>[39m
        [36m</div>[39m
        [36m<div[39m
          [33mstyle[39m=[32m"padding: 20px 24px; overflow-y: auto; flex: 1 1 0%; display: flex; flex-direction: column;"[39m
        [36m>[39m
          [36m<div[39m
            [33mstyle[39m=[32m"flex: 1 1 0%; display: flex; flex-direction: column; height: 100%; overflow: hidden;"[39m
          [36m>[39m
            [36m<div[39m
              [33mstyle[39m=[32m"background: rgb(248, 249, 250); padding: 10px 15px; border-radius: 6px; margin-bottom: 15px; border: 1px solid rgb(233, 236, 239);"[39m
            [36m>[39m
              [36m<div[39m
                [33mstyle[39m=[32m"display: flex; justify-content: space-between; align-items: center; margin-bottom: 8px;"[39m
              [36m>[39m
                [36m<div[39m
                  [33mstyle[39m=[32m"font-size: 12px; font-weight: bold; color: rgb(68, 68, 68);"[39m
                [36m>[39m
                  [0mSelected Actions ([0m
                  [0m2[0m
                  [0m/2)[0m
                [36m</div>[39m
                [36m<button[39m
                  [33mstyle[39m=[32m"background: none; border: medium; color: rgb(0, 123, 255); font-size: 11px; cursor: pointer; padding: 0px;"[39m
                [36m>[39m
                  [0mClear All[0m
                [36m</button>[39m
              [36m</div>[39m
              [36m<div[39m
                [33mdata-testid[39m=[32m"selection-chips"[39m
                [33mstyle[39m=[32m"display: flex; gap: 8px; min-height: 30px; flex-wrap: wrap;"[39m
              [36m>[39m
                [36m<div[39m
                  [33mdata-testid[39m=[32m"chip-act1"[39m
                  [33mstyle[39m=[32m"background: rgb(231, 241, 255); color: rgb(0, 123, 255); padding: 4px 10px; border-radius: 20px; font-size: 11px; font-weight: bold; border: 1px solid rgb(179, 215, 255); display: flex; align-items: center; gap: 6px;"[39m
                [36m>[39m
                  [0mact1[0m
                  [36m<span[39m
                    [33mstyle[39m=[32m"cursor: pointer; font-size: 14px; line-height: 10px;"[39m
                  [36m>[39m
                    [0m×[0m
                  [36m</span>[39m
                [36m</div>[39m
                [36m<div[39m
                  [33mdata-testid[39m=[32m"chip-act3"[39m
                  [33mstyle[39m=[32m"background: rgb(231, 241, 255); color: rgb(0, 123, 255); padding: 4px 10px; border-radius: 20px; font-size: 11px; font-weight: bold; border: 1px solid rgb(179, 215, 255); display: flex; align-items: center; gap: 6px;"[39m
                [36m>[39m
                  [0mact3[0m
                  [36m<span[39m
                    [33mstyle[39m=[32m"cursor: pointer; font-size: 14px; line-height: 10px;"[39m
                  [36m>[39m
                    [0m×[0m
                  [36m</span>[39m
                [36m</div>[39m
              [36m</div>[39m
            [36m</div>[39m
            [36m<div[39m
              [33mstyle[39m=[32m"margin-bottom: 12px; display: flex; gap: 6px; flex-wrap: wrap;"[39m
            [36m>[39m
              [36m<button[39m
                [33mstyle[39m=[32m"padding: 4px 12px; border-radius: 15px; border: 1px rgb(0, 123, 255); background: rgb(0, 123, 255); color: white; font-size: 11px; cursor: pointer; font-weight: bold; transition: all 0.2s;"[39m
              [36m>[39m
                [0mALL[0m
              [36m</button>[39m
              [36m<button[39m
                [33mstyle[39m=[32m"padding: 4px 12px; border-radius: 15px; border: 1px rgb(221, 221, 221); background: white; color: rgb(102, 102, 102); font-size: 11px; cursor: pointer; font-weight: normal; transition: all 0.2s;"[39m
              [36m>[39m
                [0mDISCO[0m
              [36m</button>[39m
              [36m<button[39m
                [33mstyle[39m=[32m"padding: 4px 12px; border-radius: 15px; border: 1px rgb(221, 221, 221); background: white; color: rgb(102, 102, 102); font-size: 11px; cursor: pointer; font-weight: normal; transition: all 0.2s;"[39m
              [36m>[39m
                [0mRECO[0m
              [36m</button>[39m
              [36m<button[39m
                [33mstyle[39m=[32m"padding: 4px 12px; border-radius: 15px; border: 1px rgb(221, 221, 221); background: white; color: rgb(102, 102, 102); font-size: 11px; cursor: pointer; font-weight: normal; transition: all 0.2s;"[39m
              [36m>[39m
                [0mOPEN[0m
              [36m</button>[39m
              [36m<button[39m
                [33mstyle[39m=[32m"padding: 4px 12px; border-radius: 15px; border: 1px rgb(221, 221, 221); background: white; color: rgb(102, 102, 102); font-size: 11px; cursor: pointer; font-weight: normal; transition: all 0.2s;"[39m
              [36m>[39m
                [0mCLOSE[0m
              [36m</button>[39m
              [36m<button[39m
                [33mstyle[39m=[32m"padding: 4px 12px; border-radius: 15px; border: 1px rgb(221, 221, 221...
[90m [2m❯[22m waitForWrapper node_modules/@testing-library/dom/dist/wait-for.js:[2m163:27[22m[39m
[90m [2m❯[22m node_modules/@testing-library/dom/dist/query-helpers.js:[2m86:33[22m[39m
[36m [2m❯[22m src/components/CombinedActionsModal.test.tsx:[2m427:29[22m[39m
    [90m425| [39m
    [90m426| [39m        [90m// Wait for the error message specifically[39m
    [90m427| [39m        expect(await screen.findByText(/Estimation Failed/i, {}, { tim…
    [90m   | [39m                            [31m^[39m
    [90m428| [39m        expect(screen.getByText("Backend exploded")).toBeInTheDocument…
    [90m429| [39m    }[33m,[39m [34m15000[39m)[33m;[39m

[31m[2m⎯⎯⎯⎯⎯⎯⎯⎯⎯⎯⎯⎯⎯⎯⎯⎯⎯⎯⎯⎯⎯⎯⎯⎯[2/2]⎯[22m[39m


[2m Test Files [22m [1m[31m1 failed[39m[22m[90m (1)[39m
[2m      Tests [22m [1m[31m2 failed[39m[22m[2m | [22m[1m[32m19 passed[39m[22m[90m (21)[39m
[2m   Start at [22m 12:01:06
[2m   Duration [22m 11.46s[2m (transform 126ms, setup 82ms, import 221ms, tests 10.53s, environment 532ms)[22m

